﻿[36mvite v5.4.21 [32mbuilding SSR bundle for production...[36m[39m
transforming...
[32mΓ£ô[39m 1 modules transformed.
rendering chunks...
[2mout/main/[22m[36mindex.js  [39m[1m[2m4.65 kB[22m[1m[22m
[32mΓ£ô built in 68ms[39m
[36mvite v5.4.21 [32mbuilding SSR bundle for production...[36m[39m
transforming...
[32mΓ£ô[39m 1 modules transformed.
rendering chunks...
[2mout/preload/[22m[36mindex.js  [39m[1m[2m0.72 kB[22m[1m[22m
[32mΓ£ô built in 8ms[39m
[36mvite v5.4.21 [32mbuilding for production...[36m[39m
[32mΓ£ô[39m 0 modules transformed.
node.exe : [31mx[39m 
Build failed in 18ms
At C:\Program Files\nod
ejs\npx.ps1:29 char:3
+   & $NODE_EXE 
$NPX_CLI_JS $args
+   ~~~~~~~~~~~~~~~~~~~
~~~~~~~~~~
    + CategoryInfo     
         : NotSpecifi  
  ed: ([31mx[39m B   
 uild failed in 18m    
s:String) [], Remo    
teException
    + FullyQualifiedEr 
   rorId : NativeComm  
  andError
 
[31merror during 
build:
[31m[vite:build-html] 
Unable to parse HTML; 
parse5 error code unexp
ected-character-in-attr
ibute-name
 at C:/Users/vishe/Down
loads/Compressed/The 
real baseline project 
till now/src/renderer/i
ndex.html:10:5
8  |      <link 
rel="preconnect" href="
https://fonts.gstatic.c
om" crossorigin />
9  |      <link
10 |      <link href="h
ttps://fonts.googleapis
.com/css2?family=Manrop
e:wght@400;500;700;800&
family=Inter:wght@400;5
00;600;700;800&display=
swap" rel="stylesheet" 
/>
   |      ^
11 |      <link href="h
ttps://fonts.googleapis
.com/css2?family=Materi
al+Symbols+Outlined:wgh
t,FILL@100..700,0..1&di
splay=swap" 
rel="stylesheet" />
12 |    </head>[31m
file: [36mC:/Users/vis
he/Downloads/Compressed
/The real baseline 
project till now/src/re
nderer/index.html[31m
    at 
handleParseError (file:
///C:/Users/vishe/Downl
oads/Compressed/The%20r
eal%20baseline%20projec
t%20till%20now/node_mod
ules/vite/dist/node/chu
nks/dep-BK3b2jBa.js:351
72:9)
    at 
Parser.onParseError (fi
le:///C:/Users/vishe/Do
wnloads/Compressed/The%
20real%20baseline%20pro
ject%20till%20now/node_
modules/vite/dist/node/
chunks/dep-BK3b2jBa.js:
35097:7)
    at Tokenizer._err (
file:///C:/Users/vishe/
Downloads/Compressed/Th
e%20real%20baseline%20p
roject%20till%20now/nod
e_modules/vite/dist/nod
e/chunks/dep-D-7KCb9p.j
s:1155:89)
    at Tokenizer._state
AttributeName (file:///
C:/Users/vishe/Download
s/Compressed/The%20real
%20baseline%20project%2
0till%20now/node_module
s/vite/dist/node/chunks
/dep-D-7KCb9p.js:2547:2
2)
    at Tokenizer._state
BeforeAttributeName (fi
le:///C:/Users/vishe/Do
wnloads/Compressed/The%
20real%20baseline%20pro
ject%20till%20now/node_
modules/vite/dist/node/
chunks/dep-D-7KCb9p.js:
2519:22)
    at 
Tokenizer._callState (f
ile:///C:/Users/vishe/D
ownloads/Compressed/The
%20real%20baseline%20pr
oject%20till%20now/node
_modules/vite/dist/node
/chunks/dep-D-7KCb9p.js
:1638:22)
    at Tokenizer._runPa
rsingLoop (file:///C:/U
sers/vishe/Downloads/Co
mpressed/The%20real%20b
aseline%20project%20til
l%20now/node_modules/vi
te/dist/node/chunks/dep
-D-7KCb9p.js:1179:22)
    at Tokenizer.write 
(file:///C:/Users/vishe
/Downloads/Compressed/T
he%20real%20baseline%20
project%20till%20now/no
de_modules/vite/dist/no
de/chunks/dep-D-7KCb9p.
js:1204:14)
    at Parser.parse (fi
le:///C:/Users/vishe/Do
wnloads/Compressed/The%
20real%20baseline%20pro
ject%20till%20now/node_
modules/vite/dist/node/
chunks/dep-D-7KCb9p.js:
4886:26)
    at parse (file:///C
:/Users/vishe/Downloads
/Compressed/The%20real%
20baseline%20project%20
till%20now/node_modules
/vite/dist/node/chunks/
dep-D-7KCb9p.js:7957:19
)[39m
